// Jest Snapshot v1, https://goo.gl/fbAQLP

exports[`Calculator Page Render the Calculator Page user interaction 1`] = `
<div
  className="container-calc"
>
  <h1
    data-testid="h2Id"
  >
    Let's do some maths
  </h1>
  <div>
    <div
      className="input"
    />
    <div
      className="parent"
    >
      <button
        className="button"
        onClick={[Function]}
        type="button"
      >
        AC
      </button>
      <button
        className="button"
        onClick={[Function]}
        type="button"
      >
        +/-
      </button>
      <button
        className="button"
        onClick={[Function]}
        type="button"
      >
        %
      </button>
      <button
        className="button-color"
        onClick={[Function]}
        type="button"
      >
        รท
      </button>
      <button
        className="button"
        onClick={[Function]}
        type="button"
      >
        7
      </button>
      <button
        className="button"
        onClick={[Function]}
        type="button"
      >
        8
      </button>
      <button
        className="button"
        onClick={[Function]}
        type="button"
      >
        9
      </button>
      <button
        className="button-color"
        onClick={[Function]}
        type="button"
      >
        x
      </button>
      <button
        className="button"
        onClick={[Function]}
        type="button"
      >
        4
      </button>
      <button
        className="button"
        onClick={[Function]}
        type="button"
      >
        5
      </button>
      <button
        className="button"
        onClick={[Function]}
        type="button"
      >
        6
      </button>
      <button
        className="button-color"
        onClick={[Function]}
        type="button"
      >
        -
      </button>
      <button
        className="button"
        onClick={[Function]}
        type="button"
      >
        1
      </button>
      <button
        className="button"
        onClick={[Function]}
        type="button"
      >
        2
      </button>
      <button
        className="button"
        onClick={[Function]}
        type="button"
      >
        3
      </button>
      <button
        className="button-color"
        onClick={[Function]}
        type="button"
      >
        +
      </button>
      <button
        className="button-zero"
        onClick={[Function]}
        type="button"
      >
        0
      </button>
      <button
        className="button"
        onClick={[Function]}
        type="button"
      >
        .
      </button>
      <button
        className="button-color"
        onClick={[Function]}
        type="button"
      >
        =
      </button>
    </div>
  </div>
</div>
`;
